Nodes
consul01-par.central.criteo.preprod
consul02-par.central.criteo.preprod
consul03-par.central.criteo.preprod
