Users:
 * d.vador: {"groups":"","policies":["empire_endor_admin"]}

Groups:


