Service Consul
consul01-par.central.criteo.preprod:8300
consul02-par.central.criteo.preprod:8300
consul03-par.central.criteo.preprod:8300
