Services
consul:http UI

Services with filter http
consul:http UI

Services with filter coin
